
> professor-citachka@0.1.0 build
> next build --webpack

▲ Next.js 16.3.3 (webpack)
✓ Running next.config took 5ms

  Creating an optimized production build ...
✓ Compiled successfully in 1385ms
  Running TypeScript ...
  Finished TypeScript in 1111ms ...
  Collecting page data using 7 workers ...
  Generating static pages using 7 workers (0/463) ...
  Generating static pages using 7 workers (115/463) 
  Generating static pages using 7 workers (231/463) 
  Generating static pages using 7 workers (347/463) 
✓ Generating static pages using 7 workers (463/463) in 1796ms
  Finalizing page optimization ...
  Collecting build traces ...

Route (app)
┌ ○ /
├ ○ /_not-found
├ ƒ /api/professor-chat
├   /assess/[subject]/[assessment]
│ ├ ● /assess/russian/unit-1-1
│ ├ ● /assess/russian/unit-1-2
│ ├ ● /assess/russian/level-1
│ └ ● [+87 more paths]
├   /learn/[subject]/[topic]
│ ├ ● /learn/russian/01
│ ├ ● /learn/russian/02
│ ├ ● /learn/russian/03
│ └ ● [+297 more paths]
├ ○ /manifest.webmanifest
├ ƒ /subjects/[subject]
├ ƒ /subjects/finance/[lesson]
├ ○ /subjects/literature
├ ○ /subjects/music
├   /subjects/music/[lesson]
│ ├ ● /subjects/music/beat-and-counting
│ ├ ● /subjects/music/note-names-and-keyboard-map
│ ├ ● /subjects/music/scales-and-chords
│ └ ● [+9 more paths]
├   /subjects/neuroscience/[lesson]
│ ├ ● /subjects/neuroscience/neural-foundations
│ ├ ● /subjects/neuroscience/sensation-and-movement
│ ├ ● /subjects/neuroscience/learning-memory-attention
│ └ ● [+2 more paths]
├ ○ /subjects/philosophy
├ ○ /subjects/psychiatry
├ ○ /subjects/russian
├   /subjects/russian/[lesson]
│ ├ ○ /subjects/russian/alphabet-foundations
│ ├ ● /subjects/russian/stress-and-sounds
│ ├ ● /subjects/russian/greetings-and-courtesy
│ └ ● [+21 more paths]
├ ○ /subjects/russian/alphabet-foundations
├ ○ /subjects/skincare
├   /subjects/skincare/[lesson]
│ ├ ● /subjects/skincare/skin-as-an-organ
│ ├ ● /subjects/skincare/build-a-basic-routine
│ ├ ● /subjects/skincare/read-a-product-label
│ └ ● [+7 more paths]
├ ○ /subjects/theology
├ ○ /subjects/theology/christ-and-salvation
├ ○ /subjects/theology/church-sacraments-and-moral-life
├ ○ /subjects/theology/god-creation-and-the-human-person
├ ○ /subjects/theology/history-philosophy-and-questions
├ ○ /subjects/theology/how-theology-reasons
├ ○ /subjects/veterinary-science/clinical-foundations
├ ○ /subjects/veterinary-science/comparative-anatomy
├ ○ /subjects/veterinary-science/patient-care-practice
├ ○ /subjects/veterinary-science/pharmacology-diagnostics
└ ○ /subjects/veterinary-science/physiology-pathology


○  (Static)   prerendered as static content
●  (SSG)      prerendered as static HTML (uses generateStaticParams)
ƒ  (Dynamic)  server-rendered on demand

