Vercel CLI 59.26.0 (Node.js 26.8.1)
Deploying professor-citachka
Uploading [--------------------] (0.0B/4.4MB)
Uploading [=====---------------] (1.1MB/4.4MB)
Uploading [==========----------] (2.2MB/4.4MB)
Uploading [===============-----] (3.3MB/4.4MB)
Uploading [====================] (4.4MB/4.4MB)
  Inspect         https://vercel.com/mycookieheavens-projects/professor-citachka/AeVUkuo8HMiGnN4k89peZh9g8qE4
  Production      https://professor-citachka-kl0syjq9o-mycookieheavens-projects.vercel.app
Building…
Building…
Running build in Washington, D.C., USA (East) – iad1
Build machine configuration: 2 cores, 8 GB
Retrieving list of deployment files...
Downloading 281 deployment files...
Restored build cache from previous deployment (7QPV9yodL7wdhK6cJ7B6Hr56dUso)
Running "vercel build"
Vercel CLI 59.23.2
Installing dependencies...
up to date in 2s
165 packages are looking for funding
run `npm fund` for details
npm warn allow-scripts 1 package has install scripts not yet covered by allowScripts:
npm warn allow-scripts   unrs-resolver@1.12.2 (postinstall: node postinstall.js)
npm warn allow-scripts
npm warn allow-scripts Run `npm approve-scripts --allow-scripts-pending` to review, or `npm approve-scripts <pkg>` to allow.
Detected Next.js version: 16.3.3
Running "npm run build"
> professor-citachka@0.1.0 build
> next build --webpack
▲ Next.js 16.3.3 (webpack)
Applying modifyConfig from Vercel
✓ Running next.config took 145ms
Creating an optimized production build ...
✓ Compiled successfully in 9.1s
Running TypeScript ...
Finished TypeScript in 9.4s ...
Collecting page data using 1 worker ...
Generating static pages using 1 worker (0/463) ...
Generating static pages using 1 worker (115/463)
Generating static pages using 1 worker (231/463)
Generating static pages using 1 worker (347/463)
✓ Generating static pages using 1 worker (463/463) in 15.7s
Finalizing page optimization ...
Collecting build traces ...
Running onBuildComplete from Vercel
Route (app)
┌ ○ /
├ ○ /_not-found
├ ƒ /api/professor-chat
├   /assess/[subject]/[assessment]
│ ├ ● /assess/russian/unit-1-1
│ ├ ● /assess/russian/unit-1-2
│ ├ ● /assess/russian/level-1
│ └ ● [+87 more paths]
├   /learn/[subject]/[topic]
│ ├ ● /learn/russian/01
│ ├ ● /learn/russian/02
│ ├ ● /learn/russian/03
│ └ ● [+297 more paths]
├ ○ /manifest.webmanifest
├ ƒ /subjects/[subject]
├ ƒ /subjects/finance/[lesson]
├ ○ /subjects/literature
├ ○ /subjects/music
├   /subjects/music/[lesson]
│ ├ ● /subjects/music/beat-and-counting
│ ├ ● /subjects/music/note-names-and-keyboard-map
│ ├ ● /subjects/music/scales-and-chords
│ └ ● [+9 more paths]
├   /subjects/neuroscience/[lesson]
│ ├ ● /subjects/neuroscience/neural-foundations
│ ├ ● /subjects/neuroscience/sensation-and-movement
│ ├ ● /subjects/neuroscience/learning-memory-attention
│ └ ● [+2 more paths]
├ ○ /subjects/philosophy
├ ○ /subjects/psychiatry
├ ○ /subjects/russian
├   /subjects/russian/[lesson]
│ ├ ○ /subjects/russian/alphabet-foundations
│ ├ ● /subjects/russian/stress-and-sounds
│ ├ ● /subjects/russian/greetings-and-courtesy
│ └ ● [+21 more paths]
├ ○ /subjects/russian/alphabet-foundations
├ ○ /subjects/skincare
├   /subjects/skincare/[lesson]
│ ├ ● /subjects/skincare/skin-as-an-organ
│ ├ ● /subjects/skincare/build-a-basic-routine
│ ├ ● /subjects/skincare/read-a-product-label
│ └ ● [+7 more paths]
├ ○ /subjects/theology
├ ○ /subjects/theology/christ-and-salvation
├ ○ /subjects/theology/church-sacraments-and-moral-life
├ ○ /subjects/theology/god-creation-and-the-human-person
├ ○ /subjects/theology/history-philosophy-and-questions
├ ○ /subjects/theology/how-theology-reasons
├ ○ /subjects/veterinary-science/clinical-foundations
├ ○ /subjects/veterinary-science/comparative-anatomy
├ ○ /subjects/veterinary-science/patient-care-practice
├ ○ /subjects/veterinary-science/pharmacology-diagnostics
└ ○ /subjects/veterinary-science/physiology-pathology
○  (Static)   prerendered as static content
●  (SSG)      prerendered as static HTML (uses generateStaticParams)
ƒ  (Dynamic)  server-rendered on demand
Build Completed in /vercel/output [54s]
Deploying outputs...
[2K[1A[2K[G  Production      https://professor-citachka-kl0syjq9o-mycookieheavens-projects.vercel.app
Completing…
▲ Aliased         https://professor-citachka.vercel.app
{
  "status": "ok",
  "deployment": {
    "id": "dpl_AeVUkuo8HMiGnN4k89peZh9g8qE4",
    "url": "https://professor-citachka-kl0syjq9o-mycookieheavens-projects.vercel.app",
    "inspectorUrl": "https://vercel.com/mycookieheavens-projects/professor-citachka/AeVUkuo8HMiGnN4k89peZh9g8qE4",
    "readyState": "READY",
    "target": "production",
    "deploymentApiUrl": "https://api.vercel.com/v13/deployments/dpl_AeVUkuo8HMiGnN4k89peZh9g8qE4",
    "buildMachine": {
      "cores": 2,
      "memory": 8192,
      "machine": "basic",
      "selectionType": "fixed",
      "selectionSource": "plan-default"
    }
  },
  "message": "Deployment professor-citachka-kl0syjq9o-mycookieheavens-projects.vercel.app ready.",
  "next": [
    {
      "command": "vercel curl https://professor-citachka-kl0syjq9o-mycookieheavens-projects.vercel.app",
      "when": "Verify deployment, including when Deployment Protection is enabled"
    },
    {
      "command": "vercel inspect professor-citachka-kl0syjq9o-mycookieheavens-projects.vercel.app",
      "when": "Inspect deployment"
    },
    {
      "command": "vercel deploy --prod",
      "when": "Promote to production"
    }
  ]
}
