
> professor-citachka@0.1.0 test
> vitest run src/components/InstructionalVideo.test.tsx


 RUN  v4.1.11 /Users/<user>/professor-citachka

 ❯ src/components/InstructionalVideo.test.tsx (0 test)

⎯⎯⎯⎯⎯⎯ Failed Suites 1 ⎯⎯⎯⎯⎯⎯⎯

 FAIL  src/components/InstructionalVideo.test.tsx [ src/components/InstructionalVideo.test.tsx ]
Error: Failed to resolve import "./InstructionalVideo" from "src/components/InstructionalVideo.test.tsx". Does the file exist?
  Plugin: vite:import-analysis
  File: /Users/<user>/professor-citachka/src/components/InstructionalVideo.test.tsx:3:33
  1  |  import { afterEach, expect, it } from "vitest";
  2  |  import { cleanup, fireEvent, render, screen } from "@testing-library/react";
  3  |  import { InstructionalVideo } from "./InstructionalVideo";
     |                                      ^
  4  |  import { instructionalVideos } from "@/lib/instructional-videos";
  5  |  var _jsxFileName = "/Users/<user>/professor-citachka/src/components/InstructionalVideo.test.tsx";
 ❯ TransformPluginContext._formatLog node_modules/vite/dist/node/chunks/node.js:31147:39
 ❯ TransformPluginContext.error node_modules/vite/dist/node/chunks/node.js:31144:14
 ❯ normalizeUrl node_modules/vite/dist/node/chunks/node.js:28083:18
 ❯ node_modules/vite/dist/node/chunks/node.js:28153:30
 ❯ TransformPluginContext.transform node_modules/vite/dist/node/chunks/node.js:28119:4
 ❯ EnvironmentPluginContainer.transform node_modules/vite/dist/node/chunks/node.js:30932:14
 ❯ loadAndTransform node_modules/vite/dist/node/chunks/node.js:20671:26

⎯⎯⎯⎯⎯⎯⎯⎯⎯⎯⎯⎯⎯⎯⎯⎯⎯⎯⎯⎯⎯⎯⎯⎯[1/1]⎯


 Test Files  1 failed (1)
      Tests  no tests
   Start at  02:01:36
   Duration  411ms (transform 13ms, setup 46ms, import 0ms, tests 0ms, environment 267ms)

