npm warn exec The following package was not found and will be installed: vercel@50.44.0
npm warn EBADENGINE Unsupported engine {
npm warn EBADENGINE   package: '@renovatebot/pep440@4.2.1',
npm warn EBADENGINE   required: { node: '^20.9.0 || ^22.11.0 || ^24', pnpm: '^10.0.0' },
npm warn EBADENGINE   current: { node: 'v26.8.1', npm: '11.19.0' }
npm warn EBADENGINE }
npm warn deprecated stream-to-promise@2.2.0: Deprecated. Use node:stream/promises and node:stream/consumers instead.
npm warn deprecated tar@7.5.7: Old versions of tar are not supported, and contain widely publicized security vulnerabilities, which have been fixed in the current version. Please update. Support for old versions may be purchased (at exorbitant rates) by contacting i@izs.me
Retrieving project…
Deploying mycookieheavens-projects/professor-citachka
Uploading [--------------------] (0.0B/784.1KB)
Uploading [=====---------------] (205.4KB/784.1KB)
Uploading [==========----------] (397.6KB/784.1KB)
Uploading [===============-----] (594.6KB/784.1KB)
Uploading [====================] (784.1KB/784.1KB)
Inspect: https://vercel.com/mycookieheavens-projects/professor-citachka/FjFx7WLXGTqrJrRwzeFdS1V6FX7t [2s]
Production: https://professor-citachka-3g75nfrg4-mycookieheavens-projects.vercel.app [2s]
Building...
Building...
Building: Running build in Washington, D.C., USA (East) – iad1
Building: Build machine configuration: 2 cores, 8 GB
Building: Retrieving list of deployment files...
Building: Downloading 149 deployment files...
Building: Restored build cache from previous deployment (5VnR2CtofcZhL9aQ3AmUaFiQHexV)
Building: Running "vercel build"
Building: Vercel CLI 59.16.0
Building: Installing dependencies...
Building: up to date in 1s
Building: 165 packages are looking for funding
Building: run `npm fund` for details
Building: npm warn allow-scripts 1 package has install scripts not yet covered by allowScripts:
Building: npm warn allow-scripts   unrs-resolver@1.12.2 (postinstall: node postinstall.js)
Building: npm warn allow-scripts
Building: npm warn allow-scripts Run `npm approve-scripts --allow-scripts-pending` to review, or `npm approve-scripts <pkg>` to allow.
Building: Detected Next.js version: 16.3.3
Building: Running "npm run build"
Building: > professor-citachka@0.1.0 build
Building: > next build
Building: ▲ Next.js 16.3.3 (Turbopack)
Building: Applying modifyConfig from Vercel
Building: ✓ Running next.config took 99ms
Building: Creating an optimized production build ...
Building: ✓ Compiled successfully in 1525ms
Building: Running TypeScript ...
Building: Finished TypeScript in 4.7s ...
Building: Collecting page data using 1 worker ...
Building: Generating static pages using 1 worker (0/322) ...
Building: Generating static pages using 1 worker (80/322)
Building: Generating static pages using 1 worker (160/322)
Building: Generating static pages using 1 worker (241/322)
Building: ✓ Generating static pages using 1 worker (322/322) in 5.8s
Building: Finalizing page optimization ...
Building: Running onBuildComplete from Vercel
Building: Route (app)
Building: ┌ ○ /
Building: ├ ○ /_not-found
Building: ├   /learn/[subject]/[topic]
Building: │ ├ ● /learn/literature/01
Building: │ ├ ● /learn/literature/02
Building: │ ├ ● /learn/literature/03
Building: │ └ ● [+247 more paths]
Building: ├ ○ /manifest.webmanifest
Building: ├ ƒ /subjects/[subject]
Building: ├ ƒ /subjects/finance/[lesson]
Building: ├ ○ /subjects/literature
Building: ├ ○ /subjects/music
Building: ├   /subjects/music/[lesson]
Building: │ ├ ● /subjects/music/beat-and-counting
Building: │ ├ ● /subjects/music/note-names-and-keyboard-map
Building: │ ├ ● /subjects/music/scales-and-chords
Building: │ └ ● [+9 more paths]
Building: ├   /subjects/neuroscience/[lesson]
Building: │ ├ ● /subjects/neuroscience/neural-foundations
Building: │ ├ ● /subjects/neuroscience/sensation-and-movement
Building: │ ├ ● /subjects/neuroscience/learning-memory-attention
Building: │ └ ● [+2 more paths]
Building: ├ ○ /subjects/philosophy
Building: ├ ○ /subjects/psychiatry
Building: ├ ○ /subjects/russian
Building: ├   /subjects/russian/[lesson]
Building: │ ├ ○ /subjects/russian/alphabet-foundations
Building: │ ├ ● /subjects/russian/stress-and-sounds
Building: │ ├ ● /subjects/russian/greetings-and-courtesy
Building: │ └ ● [+21 more paths]
Building: ├ ○ /subjects/russian/alphabet-foundations
Building: ├ ○ /subjects/skincare
Building: ├   /subjects/skincare/[lesson]
Building: │ ├ ● /subjects/skincare/skin-as-an-organ
Building: │ ├ ● /subjects/skincare/build-a-basic-routine
Building: │ ├ ● /subjects/skincare/read-a-product-label
Building: │ └ ● [+7 more paths]
Building: ├ ○ /subjects/theology
Building: ├ ○ /subjects/theology/christ-and-salvation
Building: ├ ○ /subjects/theology/church-sacraments-and-moral-life
Building: ├ ○ /subjects/theology/god-creation-and-the-human-person
Building: ├ ○ /subjects/theology/history-philosophy-and-questions
Building: ├ ○ /subjects/theology/how-theology-reasons
Building: ├ ○ /subjects/veterinary-science/clinical-foundations
Building: ├ ○ /subjects/veterinary-science/comparative-anatomy
Building: ├ ○ /subjects/veterinary-science/patient-care-practice
Building: ├ ○ /subjects/veterinary-science/pharmacology-diagnostics
Building: └ ○ /subjects/veterinary-science/physiology-pathology
Building: ○  (Static)   prerendered as static content
Building: ●  (SSG)      prerendered as static HTML (uses generateStaticParams)
Building: ƒ  (Dynamic)  server-rendered on demand
Building: Build Completed in /vercel/output [19s]
Building: Deploying outputs...
[2K[1A[2K[GProduction: https://professor-citachka-3g75nfrg4-mycookieheavens-projects.vercel.app [34s]
Completing...
Aliased: https://professor-citachka.vercel.app [34s]
{
  "status": "ok",
  "deployment": {
    "id": "dpl_FjFx7WLXGTqrJrRwzeFdS1V6FX7t",
    "url": "https://professor-citachka-3g75nfrg4-mycookieheavens-projects.vercel.app",
    "inspectorUrl": "https://vercel.com/mycookieheavens-projects/professor-citachka/FjFx7WLXGTqrJrRwzeFdS1V6FX7t",
    "readyState": "READY",
    "target": "production",
    "deploymentApiUrl": "https://api.vercel.com/v13/deployments/dpl_FjFx7WLXGTqrJrRwzeFdS1V6FX7t"
  },
  "message": "Deployment professor-citachka-3g75nfrg4-mycookieheavens-projects.vercel.app ready.",
  "next": [
    {
      "command": "vercel inspect professor-citachka-3g75nfrg4-mycookieheavens-projects.vercel.app --scope mycookieheavens-projects",
      "when": "Inspect deployment"
    },
    {
      "command": "vercel deploy --prod --scope mycookieheavens-projects",
      "when": "Promote to production"
    }
  ]
}
─────────────────────────────────────────────────────────────────────────

Update available! v50.44.0 ≫ v59.23.0
Changelog: https://github.com/vercel/vercel/releases/tag/vercel%4059.23.0
Run `npm i vercel@latest` to update.

─────────────────────────────────────────────────────────────────────────
